#-----------------------------------------------------------
# Vivado v2018.3 (64-bit)
# SW Build 2405991 on Thu Dec  6 23:38:27 MST 2018
# IP Build 2404404 on Fri Dec  7 01:43:56 MST 2018
# Start of session at: Sun Mar 19 13:27:25 2023
# Process ID: 6044
# Current directory: E:/homework/Computer-Organization/CPU-BasicPipeline
# Command line: vivado.exe -gui_launcher_event rodinguilauncherevent12040 E:\homework\Computer-Organization\CPU-BasicPipeline\CPU-BasicPipeline.xpr
# Log file: E:/homework/Computer-Organization/CPU-BasicPipeline/vivado.log
# Journal file: E:/homework/Computer-Organization/CPU-BasicPipeline\vivado.jou
#-----------------------------------------------------------
start_gui
open_project E:/homework/Computer-Organization/CPU-BasicPipeline/CPU-BasicPipeline.xpr
update_compile_order -fileset sources_1
synth_design -rtl -name rtl_1
close_design
launch_runs synth_1 -jobs 6
wait_on_run synth_1
launch_runs impl_1 -jobs 6
wait_on_run impl_1
launch_runs impl_1 -to_step write_bitstream -jobs 6
wait_on_run impl_1
open_hw
connect_hw_server
open_hw_target
set_property PROGRAM.FILE {E:/homework/Computer-Organization/CPU-BasicPipeline/CPU-BasicPipeline.runs/impl_1/Computer.bit} [get_hw_devices xc7a100t_0]
current_hw_device [get_hw_devices xc7a100t_0]
refresh_hw_device -update_hw_probes false [lindex [get_hw_devices xc7a100t_0] 0]
set_property PROBES.FILE {} [get_hw_devices xc7a100t_0]
set_property FULL_PROBES.FILE {} [get_hw_devices xc7a100t_0]
set_property PROGRAM.FILE {E:/homework/Computer-Organization/CPU-BasicPipeline/CPU-BasicPipeline.runs/impl_1/Computer.bit} [get_hw_devices xc7a100t_0]
program_hw_devices [get_hw_devices xc7a100t_0]
refresh_hw_device [lindex [get_hw_devices xc7a100t_0] 0]
close_hw
launch_simulation
source test.tcl
close_sim
launch_simulation
source test.tcl
current_wave_config {Untitled 2}
add_wave {{/test/myComputer/myPC/AddressIn}} 
relaunch_sim
current_wave_config {Untitled 2}
add_wave {{/test/myComputer/myPC/AddressOut}} 
current_wave_config {Untitled 2}
add_wave {{/test/myComputer/myPC/AddressIn}} 
current_wave_config {Untitled 2}
add_wave {{/test/myComputer/myIMem/InstructionOut}} 
relaunch_sim
save_wave_config {E:/homework/Computer-Organization/CPU-BasicPipeline/test_behav.wcfg}
add_files -fileset sim_1 -norecurse E:/homework/Computer-Organization/CPU-BasicPipeline/test_behav.wcfg
set_property xsim.view E:/homework/Computer-Organization/CPU-BasicPipeline/test_behav.wcfg [get_filesets sim_1]
relaunch_sim
relaunch_sim
relaunch_sim
relaunch_sim
close_sim
synth_design -rtl -name rtl_1
close_design
launch_simulation
open_wave_config E:/homework/Computer-Organization/CPU-BasicPipeline/test_behav.wcfg
source test.tcl
close_sim
launch_simulation
open_wave_config E:/homework/Computer-Organization/CPU-BasicPipeline/test_behav.wcfg
source test.tcl
relaunch_sim
close_sim
