Copyright 1986-2018 Xilinx, Inc. All Rights Reserved.
---------------------------------------------------------------------------------------------------------------
| Tool Version : Vivado v.2018.3 (win64) Build 2405991 Thu Dec  6 23:38:27 MST 2018
| Date         : Sun Nov 20 14:11:35 2022
| Host         : GJNDDN running 64-bit major release  (build 9200)
| Command      : report_drc -file seg_test_drc_opted.rpt -pb seg_test_drc_opted.pb -rpx seg_test_drc_opted.rpx
| Design       : seg_test
| Device       : xc7a100tcsg324-1
| Speed File   : -1
| Design State : Synthesized
---------------------------------------------------------------------------------------------------------------

Report DRC

Table of Contents
-----------------
1. REPORT SUMMARY
2. REPORT DETAILS

1. REPORT SUMMARY
-----------------
            Netlist: netlist
          Floorplan: design_1
      Design limits: <entire design considered>
           Ruledeck: default
             Max violations: <unlimited>
             Violations found: 2
+-------------+----------+-------------------------------------------------------------+------------+
| Rule        | Severity | Description                                                 | Violations |
+-------------+----------+-------------------------------------------------------------+------------+
| CFGBVS-1    | Warning  | Missing CFGBVS and CONFIG_VOLTAGE Design Properties         | 1          |
| PLHOLDVIO-2 | Warning  | Non-Optimal connections which could lead to hold violations | 1          |
+-------------+----------+-------------------------------------------------------------+------------+

2. REPORT DETAILS
-----------------
CFGBVS-1#1 Warning
Missing CFGBVS and CONFIG_VOLTAGE Design Properties  
Neither the CFGBVS nor CONFIG_VOLTAGE voltage property is set in the current_design.  Configuration bank voltage select (CFGBVS) must be set to VCCO or GND, and CONFIG_VOLTAGE must be set to the correct configuration voltage, in order to determine the I/O voltage support for the pins in bank 0.  It is suggested to specify these either using the 'Edit Device Properties' function in the GUI or directly in the XDC file using the following syntax:

 set_property CFGBVS value1 [current_design]
 #where value1 is either VCCO or GND

 set_property CONFIG_VOLTAGE value2 [current_design]
 #where value2 is the voltage provided to configuration bank 0

Refer to the device configuration user guide for more information.
Related violations: <none>

PLHOLDVIO-2#1 Warning
Non-Optimal connections which could lead to hold violations  
A LUT rf/file_reg_0_31_0_5_i_1 is driving clock pin of 48 cells. This could lead to large hold time violations. Involved cells are:
rf/file_reg_0_31_0_5/RAMA (in rf/file_reg_0_31_0_5 macro), rf/file_reg_0_31_0_5/RAMA_D1 (in rf/file_reg_0_31_0_5 macro), rf/file_reg_0_31_0_5/RAMB (in rf/file_reg_0_31_0_5 macro), rf/file_reg_0_31_0_5/RAMB_D1 (in rf/file_reg_0_31_0_5 macro), rf/file_reg_0_31_0_5/RAMC (in rf/file_reg_0_31_0_5 macro), rf/file_reg_0_31_0_5/RAMC_D1 (in rf/file_reg_0_31_0_5 macro), rf/file_reg_0_31_0_5/RAMD (in rf/file_reg_0_31_0_5 macro), rf/file_reg_0_31_0_5/RAMD_D1 (in rf/file_reg_0_31_0_5 macro), rf/file_reg_0_31_12_17/RAMA (in rf/file_reg_0_31_12_17 macro), rf/file_reg_0_31_12_17/RAMA_D1 (in rf/file_reg_0_31_12_17 macro), rf/file_reg_0_31_12_17/RAMB (in rf/file_reg_0_31_12_17 macro), rf/file_reg_0_31_12_17/RAMB_D1 (in rf/file_reg_0_31_12_17 macro), rf/file_reg_0_31_12_17/RAMC (in rf/file_reg_0_31_12_17 macro), rf/file_reg_0_31_12_17/RAMC_D1 (in rf/file_reg_0_31_12_17 macro), rf/file_reg_0_31_12_17/RAMD (in rf/file_reg_0_31_12_17 macro) (the first 15 of 48 listed)
Related violations: <none>


