Copyright 1986-2018 Xilinx, Inc. All Rights Reserved.
-------------------------------------------------------------------------------------
| Tool Version : Vivado v.2018.3 (win64) Build 2405991 Thu Dec  6 23:38:27 MST 2018
| Date         : Mon Mar 27 09:59:31 2023
| Host         : LAPTOP-UHL51CUR running 64-bit major release  (build 9200)
| Command      : report_control_sets -verbose -file Computer_control_sets_placed.rpt
| Design       : Computer
| Device       : xc7a100t
-------------------------------------------------------------------------------------

Control Set Information

Table of Contents
-----------------
1. Summary
2. Histogram
3. Flip-Flop Distribution
4. Detailed Control Set Information

1. Summary
----------

+----------------------------------------------------------+-------+
|                          Status                          | Count |
+----------------------------------------------------------+-------+
| Number of unique control sets                            |   237 |
| Unused register locations in slices containing registers |   950 |
+----------------------------------------------------------+-------+


2. Histogram
------------

+--------+--------------+
| Fanout | Control Sets |
+--------+--------------+
|      1 |            1 |
|      2 |           34 |
|      3 |           42 |
|      4 |           93 |
|      6 |           30 |
|      7 |           15 |
|      8 |            5 |
|     10 |            3 |
|     11 |            5 |
|    16+ |            9 |
+--------+--------------+


3. Flip-Flop Distribution
-------------------------

+--------------+-----------------------+------------------------+-----------------+--------------+
| Clock Enable | Synchronous Set/Reset | Asynchronous Set/Reset | Total Registers | Total Slices |
+--------------+-----------------------+------------------------+-----------------+--------------+
| No           | No                    | No                     |               8 |            4 |
| No           | No                    | Yes                    |             450 |          166 |
| No           | Yes                   | No                     |               0 |            0 |
| Yes          | No                    | No                     |               0 |            0 |
| Yes          | No                    | Yes                    |            1024 |          649 |
| Yes          | Yes                   | No                     |               0 |            0 |
+--------------+-----------------------+------------------------+-----------------+--------------+


4. Detailed Control Set Information
-----------------------------------

+---------------------+------------------------------------+------------------------------------------+------------------+----------------+
|     Clock Signal    |            Enable Signal           |             Set/Reset Signal             | Slice Load Count | Bel Load Count |
+---------------------+------------------------------------+------------------------------------------+------------------+----------------+
|  n_0_2487_BUFG      | myMEMWB/RegisterWriteOut_reg_7[0]  | myRegisterFile/rstn_0                    |                1 |              1 |
|  n_0_2487_BUFG      | myMEMWB/RegisterWriteOut_reg_17[0] | myRegisterFile/Registers[31][2]_i_2_n_1  |                1 |              2 |
|  n_0_2487_BUFG      | myMEMWB/RegisterWriteOut_reg_20[0] | myRegisterFile/rstn_0                    |                1 |              2 |
|  n_0_2487_BUFG      | myMEMWB/RegisterWriteOut_reg_13[0] | myRegisterFile/rstn_0                    |                2 |              2 |
|  n_0_2487_BUFG      | myMEMWB/RegisterWriteOut_reg_26[0] | myRegisterFile/rstn_0                    |                1 |              2 |
|  n_0_2487_BUFG      |                                    | myRegisterFile/rstn_0                    |                1 |              2 |
|  n_0_2487_BUFG      | myMEMWB/RegisterWriteOut_reg_16[0] | myRegisterFile/rstn_0                    |                1 |              2 |
|  n_0_2487_BUFG      | myMEMWB/RegisterWriteOut_reg_30[0] | myRegisterFile/rstn_0                    |                1 |              2 |
|  n_0_2487_BUFG      | myMEMWB/RegisterWriteOut_reg_11[0] | myRegisterFile/rstn_0                    |                1 |              2 |
|  n_0_2487_BUFG      | myMEMWB/RegisterWriteOut_reg_10[0] | myRegisterFile/rstn_0                    |                1 |              2 |
|  n_0_2487_BUFG      | myMEMWB/RegisterWriteOut_reg_27[0] | myRegisterFile/rstn_0                    |                1 |              2 |
|  n_0_2487_BUFG      | myMEMWB/RegisterWriteOut_reg_22[0] | myRegisterFile/rstn_0                    |                1 |              2 |
|  n_0_2487_BUFG      | myMEMWB/RegisterWriteOut_reg_4[0]  | myRegisterFile/rstn_0                    |                2 |              2 |
|  n_0_2487_BUFG      | myMEMWB/RegisterWriteOut_reg_21[0] | myRegisterFile/rstn_0                    |                1 |              2 |
|  n_0_2487_BUFG      | myMEMWB/RegisterWriteOut_reg_22[0] | myRegisterFile/Registers[31][2]_i_2_n_1  |                1 |              2 |
|  n_0_2487_BUFG      | myMEMWB/RegisterWriteOut_reg_12[0] | myRegisterFile/rstn_0                    |                2 |              2 |
|  n_0_2487_BUFG      | myMEMWB/RegisterWriteOut_reg_29[0] | myRegisterFile/rstn_0                    |                1 |              2 |
|  n_0_2487_BUFG      | myMEMWB/RegisterWriteOut_reg_15[0] | myRegisterFile/rstn_0                    |                1 |              2 |
|  n_0_2487_BUFG      | myMEMWB/RegisterWriteOut_reg_28[0] | myRegisterFile/rstn_0                    |                1 |              2 |
|  n_0_2487_BUFG      | myMEMWB/RegisterWriteOut_reg_18[0] | myRegisterFile/Registers[31][2]_i_2_n_1  |                1 |              2 |
|  n_0_2487_BUFG      | myMEMWB/RegisterWriteOut_reg_6[0]  | myRegisterFile/rstn_0                    |                2 |              2 |
|  n_0_2487_BUFG      | myMEMWB/RegisterWriteOut_reg_25[0] | myRegisterFile/rstn_0                    |                2 |              2 |
|  n_0_2487_BUFG      | myMEMWB/RegisterWriteOut_reg_3[0]  | myRegisterFile/rstn_0                    |                2 |              2 |
|  n_0_2487_BUFG      | myMEMWB/RegisterWriteOut_reg_18[0] | myRegisterFile/rstn_0                    |                1 |              2 |
|  n_0_2487_BUFG      | myMEMWB/RegisterWriteOut_reg_14[0] | myRegisterFile/rstn_0                    |                2 |              2 |
|  n_0_2487_BUFG      | myMEMWB/RegisterWriteOut_reg_5[0]  | myRegisterFile/rstn_0                    |                2 |              2 |
|  n_0_2487_BUFG      | myMEMWB/RegisterWriteOut_reg_8[0]  | myRegisterFile/rstn_0                    |                2 |              2 |
|  n_0_2487_BUFG      | myMEMWB/RegisterWriteOut_reg_21[0] | myRegisterFile/Registers[31][2]_i_2_n_1  |                1 |              2 |
|  n_0_2487_BUFG      | myMEMWB/RegisterWriteOut_reg_19[0] | myRegisterFile/Registers[31][2]_i_2_n_1  |                1 |              2 |
|  n_0_2487_BUFG      | myMEMWB/RegisterWriteOut_reg_24[0] | myRegisterFile/rstn_0                    |                1 |              2 |
|  n_0_2487_BUFG      | myMEMWB/RegisterWriteOut_reg_23[0] | myRegisterFile/rstn_0                    |                2 |              2 |
|  n_0_2487_BUFG      | myMEMWB/RegisterWriteOut_reg_20[0] | myRegisterFile/Registers[31][2]_i_2_n_1  |                1 |              2 |
|  n_0_2487_BUFG      | myMEMWB/RegisterWriteOut_reg_17[0] | myRegisterFile/rstn_0                    |                1 |              2 |
|  n_0_2487_BUFG      | myMEMWB/RegisterWriteOut_reg_19[0] | myRegisterFile/rstn_0                    |                1 |              2 |
|  n_0_2487_BUFG      | myMEMWB/RegisterWriteOut_reg_9[0]  | myRegisterFile/rstn_0                    |                2 |              2 |
|  mySeg7x16/seg7_clk |                                    | mySeg7x16/rstn                           |                3 |              3 |
|  n_0_2487_BUFG      | myMEMWB/RegisterWriteOut_reg_12[0] | myRegisterFile/Registers[31][2]_i_2_n_1  |                2 |              3 |
|  n_0_2487_BUFG      | myMEMWB/RegisterWriteOut_reg_15[0] | myRegisterFile/Registers[31][6]_i_2_n_1  |                2 |              3 |
|  n_0_2487_BUFG      | myMEMWB/RegisterWriteOut_reg_15[0] | myRegisterFile/rstn_1                    |                2 |              3 |
|  n_0_2487_BUFG      | myMEMWB/RegisterWriteOut_reg_12[0] | myRegisterFile/Registers[31][10]_i_2_n_1 |                2 |              3 |
|  n_0_2487_BUFG      | myMEMWB/RegisterWriteOut_reg_12[0] | myRegisterFile/rstn_1                    |                1 |              3 |
|  n_0_2487_BUFG      | myMEMWB/RegisterWriteOut_reg_14[0] | myRegisterFile/Registers[31][2]_i_2_n_1  |                1 |              3 |
|  n_0_2487_BUFG      | myMEMWB/RegisterWriteOut_reg_3[0]  | myRegisterFile/Registers[31][2]_i_2_n_1  |                2 |              3 |
|  n_0_2487_BUFG      | myMEMWB/E[0]                       | myRegisterFile/Registers[31][2]_i_2_n_1  |                2 |              3 |
|  n_0_2487_BUFG      | myMEMWB/RegisterWriteOut_reg_3[0]  | myRegisterFile/rstn_1                    |                2 |              3 |
|  n_0_2487_BUFG      | myMEMWB/RegisterWriteOut_reg_14[0] | myRegisterFile/Registers[31][6]_i_2_n_1  |                2 |              3 |
|  n_0_2487_BUFG      | myMEMWB/RegisterWriteOut_reg_11[0] | myRegisterFile/Registers[31][2]_i_2_n_1  |                1 |              3 |
|  n_0_2487_BUFG      | myMEMWB/RegisterWriteOut_reg_14[0] | myRegisterFile/rstn_1                    |                1 |              3 |
|  n_0_2487_BUFG      | myMEMWB/RegisterWriteOut_reg_11[0] | myRegisterFile/Registers[31][10]_i_2_n_1 |                2 |              3 |
|  n_0_2487_BUFG      | myMEMWB/RegisterWriteOut_reg_11[0] | myRegisterFile/rstn_1                    |                1 |              3 |
|  n_0_2487_BUFG      | myMEMWB/RegisterWriteOut_reg_4[0]  | myRegisterFile/Registers[31][2]_i_2_n_1  |                2 |              3 |
|  n_0_2487_BUFG      | myMEMWB/RegisterWriteOut_reg_4[0]  | myRegisterFile/rstn_1                    |                3 |              3 |
|  n_0_2487_BUFG      | myMEMWB/RegisterWriteOut_reg_2[0]  | myRegisterFile/Registers[31][2]_i_2_n_1  |                2 |              3 |
|  n_0_2487_BUFG      | myMEMWB/RegisterWriteOut_reg_8[0]  | myRegisterFile/Registers[31][14]_i_2_n_1 |                3 |              3 |
|  n_0_2487_BUFG      | myMEMWB/RegisterWriteOut_reg_8[0]  | myRegisterFile/Registers[31][2]_i_2_n_1  |                2 |              3 |
|  n_0_2487_BUFG      | myMEMWB/RegisterWriteOut_reg_7[0]  | myRegisterFile/rstn_1                    |                2 |              3 |
|  n_0_2487_BUFG      | myMEMWB/RegisterWriteOut_reg_16[0] | myRegisterFile/Registers[31][2]_i_2_n_1  |                2 |              3 |
|  n_0_2487_BUFG      | myMEMWB/RegisterWriteOut_reg_16[0] | myRegisterFile/Registers[31][6]_i_2_n_1  |                1 |              3 |
|  n_0_2487_BUFG      | myMEMWB/RegisterWriteOut_reg_8[0]  | myRegisterFile/rstn_1                    |                1 |              3 |
|  n_0_2487_BUFG      | myMEMWB/RegisterWriteOut_reg_16[0] | myRegisterFile/rstn_1                    |                1 |              3 |
|  n_0_2487_BUFG      | myMEMWB/RegisterWriteOut_reg_9[0]  | myRegisterFile/Registers[31][14]_i_2_n_1 |                3 |              3 |
|  n_0_2487_BUFG      | myMEMWB/RegisterWriteOut_reg_9[0]  | myRegisterFile/Registers[31][2]_i_2_n_1  |                1 |              3 |
|  n_0_2487_BUFG      | myMEMWB/RegisterWriteOut_reg_13[0] | myRegisterFile/Registers[31][2]_i_2_n_1  |                1 |              3 |
|  n_0_2487_BUFG      | myMEMWB/RegisterWriteOut_reg_13[0] | myRegisterFile/Registers[31][10]_i_2_n_1 |                2 |              3 |
|  n_0_2487_BUFG      | myMEMWB/RegisterWriteOut_reg_13[0] | myRegisterFile/rstn_1                    |                1 |              3 |
|  n_0_2487_BUFG      | myMEMWB/RegisterWriteOut_reg_9[0]  | myRegisterFile/rstn_1                    |                1 |              3 |
|  n_0_2487_BUFG      | myMEMWB/RegisterWriteOut_reg_5[0]  | myRegisterFile/Registers[31][2]_i_2_n_1  |                2 |              3 |
|  n_0_2487_BUFG      | myMEMWB/RegisterWriteOut_reg_10[0] | myRegisterFile/Registers[31][14]_i_2_n_1 |                3 |              3 |
|  n_0_2487_BUFG      | myMEMWB/RegisterWriteOut_reg_10[0] | myRegisterFile/Registers[31][2]_i_2_n_1  |                1 |              3 |
|  n_0_2487_BUFG      | myMEMWB/RegisterWriteOut_reg_5[0]  | myRegisterFile/rstn_1                    |                1 |              3 |
|  n_0_2487_BUFG      | myMEMWB/RegisterWriteOut_reg_0[0]  | myRegisterFile/Registers[31][2]_i_2_n_1  |                2 |              3 |
|  n_0_2487_BUFG      | myMEMWB/RegisterWriteOut_reg_7[0]  | myRegisterFile/Registers[31][2]_i_2_n_1  |                2 |              3 |
|  n_0_2487_BUFG      | myMEMWB/RegisterWriteOut_reg_10[0] | myRegisterFile/rstn_1                    |                1 |              3 |
|  n_0_2487_BUFG      | myMEMWB/RegisterWriteOut_reg_6[0]  | myRegisterFile/Registers[31][2]_i_2_n_1  |                2 |              3 |
|  n_0_2487_BUFG      | myMEMWB/RegisterWriteOut_reg_1[0]  | myRegisterFile/Registers[31][2]_i_2_n_1  |                2 |              3 |
|  n_0_2487_BUFG      | myMEMWB/RegisterWriteOut_reg_15[0] | myRegisterFile/Registers[31][2]_i_2_n_1  |                2 |              3 |
|  n_0_2487_BUFG      | myMEMWB/RegisterWriteOut_reg_6[0]  | myRegisterFile/rstn_1                    |                3 |              3 |
|  n_0_2487_BUFG      | myMEMWB/RegisterWriteOut_reg_20[0] | myRegisterFile/Registers[31][6]_i_2_n_1  |                2 |              4 |
|  n_0_2487_BUFG      | myMEMWB/RegisterWriteOut_reg_6[0]  | myRegisterFile/Registers[31][10]_i_2_n_1 |                3 |              4 |
|  n_0_2487_BUFG      | myMEMWB/RegisterWriteOut_reg_16[0] | myRegisterFile/Registers[31][14]_i_2_n_1 |                3 |              4 |
|  n_0_2487_BUFG      | myMEMWB/RegisterWriteOut_reg_6[0]  | myRegisterFile/Registers[31][14]_i_2_n_1 |                3 |              4 |
|  n_0_2487_BUFG      | myMEMWB/RegisterWriteOut_reg_18[0] | myRegisterFile/Registers[31][10]_i_2_n_1 |                2 |              4 |
|  n_0_2487_BUFG      | myMEMWB/RegisterWriteOut_reg_25[0] | myRegisterFile/Registers[31][6]_i_2_n_1  |                3 |              4 |
|  n_0_2487_BUFG      | myMEMWB/E[0]                       | myRegisterFile/Registers[31][14]_i_2_n_1 |                3 |              4 |
|  n_0_2487_BUFG      | myMEMWB/E[0]                       | myRegisterFile/Registers[31][10]_i_2_n_1 |                2 |              4 |
|  n_0_2487_BUFG      | myMEMWB/E[0]                       | myRegisterFile/Registers[31][6]_i_2_n_1  |                1 |              4 |
|  n_0_2487_BUFG      | myMEMWB/RegisterWriteOut_reg_25[0] | myRegisterFile/Registers[31][10]_i_2_n_1 |                2 |              4 |
|  n_0_2487_BUFG      | myMEMWB/RegisterWriteOut_reg_28[0] | myRegisterFile/Registers[31][14]_i_2_n_1 |                3 |              4 |
|  n_0_2487_BUFG      | myMEMWB/RegisterWriteOut_reg_25[0] | myRegisterFile/Registers[31][14]_i_2_n_1 |                3 |              4 |
|  n_0_2487_BUFG      | myMEMWB/RegisterWriteOut_reg_28[0] | myRegisterFile/Registers[31][10]_i_2_n_1 |                2 |              4 |
|  n_0_2487_BUFG      | myMEMWB/RegisterWriteOut_reg_28[0] | myRegisterFile/Registers[31][6]_i_2_n_1  |                3 |              4 |
|  n_0_2487_BUFG      | myMEMWB/RegisterWriteOut_reg_18[0] | myRegisterFile/Registers[31][6]_i_2_n_1  |                2 |              4 |
|  n_0_2487_BUFG      | myMEMWB/RegisterWriteOut_reg_21[0] | myRegisterFile/Registers[31][10]_i_2_n_1 |                3 |              4 |
|  n_0_2487_BUFG      | myMEMWB/RegisterWriteOut_reg_7[0]  | myRegisterFile/Registers[31][6]_i_2_n_1  |                3 |              4 |
|  n_0_2487_BUFG      | myMEMWB/RegisterWriteOut_reg_8[0]  | myRegisterFile/Registers[31][10]_i_2_n_1 |                3 |              4 |
|  n_0_2487_BUFG      | myMEMWB/RegisterWriteOut_reg_8[0]  | myRegisterFile/Registers[31][6]_i_2_n_1  |                2 |              4 |
|  n_0_2487_BUFG      | myMEMWB/RegisterWriteOut_reg_24[0] | myRegisterFile/Registers[31][6]_i_2_n_1  |                3 |              4 |
|  n_0_2487_BUFG      | myMEMWB/RegisterWriteOut_reg_18[0] | myRegisterFile/rstn_1                    |                1 |              4 |
|  n_0_2487_BUFG      | myMEMWB/RegisterWriteOut_reg_9[0]  | myRegisterFile/Registers[31][10]_i_2_n_1 |                3 |              4 |
|  n_0_2487_BUFG      | myMEMWB/RegisterWriteOut_reg_9[0]  | myRegisterFile/Registers[31][6]_i_2_n_1  |                2 |              4 |
|  n_0_2487_BUFG      | myMEMWB/RegisterWriteOut_reg_17[0] | myRegisterFile/Registers[31][14]_i_2_n_1 |                3 |              4 |
|  n_0_2487_BUFG      | myMEMWB/RegisterWriteOut_reg_7[0]  | myRegisterFile/Registers[31][10]_i_2_n_1 |                3 |              4 |
|  n_0_2487_BUFG      | myMEMWB/RegisterWriteOut_reg_10[0] | myRegisterFile/Registers[31][10]_i_2_n_1 |                3 |              4 |
|  n_0_2487_BUFG      | myMEMWB/RegisterWriteOut_reg_10[0] | myRegisterFile/Registers[31][6]_i_2_n_1  |                3 |              4 |
|  n_0_2487_BUFG      | myMEMWB/RegisterWriteOut_reg_7[0]  | myRegisterFile/Registers[31][14]_i_2_n_1 |                4 |              4 |
|  n_0_2487_BUFG      | myMEMWB/RegisterWriteOut_reg_15[0] | myRegisterFile/Registers[31][14]_i_2_n_1 |                3 |              4 |
|  n_0_2487_BUFG      | myMEMWB/RegisterWriteOut_reg_21[0] | myRegisterFile/Registers[31][6]_i_2_n_1  |                2 |              4 |
|  n_0_2487_BUFG      | myMEMWB/RegisterWriteOut_reg_15[0] | myRegisterFile/Registers[31][10]_i_2_n_1 |                2 |              4 |
|  n_0_2487_BUFG      | myMEMWB/RegisterWriteOut_reg_0[0]  | myRegisterFile/Registers[31][6]_i_2_n_1  |                2 |              4 |
|  n_0_2487_BUFG      | myMEMWB/RegisterWriteOut_reg_14[0] | myRegisterFile/Registers[31][14]_i_2_n_1 |                3 |              4 |
|  n_0_2487_BUFG      | myMEMWB/RegisterWriteOut_reg_2[0]  | myRegisterFile/Registers[31][10]_i_2_n_1 |                2 |              4 |
|  n_0_2487_BUFG      | myMEMWB/RegisterWriteOut_reg_14[0] | myRegisterFile/Registers[31][10]_i_2_n_1 |                3 |              4 |
|  n_0_2487_BUFG      | myMEMWB/RegisterWriteOut_reg_0[0]  | myRegisterFile/Registers[31][10]_i_2_n_1 |                3 |              4 |
|  n_0_2487_BUFG      | myMEMWB/RegisterWriteOut_reg_17[0] | myRegisterFile/Registers[31][10]_i_2_n_1 |                2 |              4 |
|  n_0_2487_BUFG      | myMEMWB/RegisterWriteOut_reg_20[0] | myRegisterFile/Registers[31][14]_i_2_n_1 |                3 |              4 |
|  n_0_2487_BUFG      | myMEMWB/RegisterWriteOut_reg_17[0] | myRegisterFile/Registers[31][6]_i_2_n_1  |                3 |              4 |
|  n_0_2487_BUFG      | myMEMWB/RegisterWriteOut_reg_20[0] | myRegisterFile/Registers[31][10]_i_2_n_1 |                2 |              4 |
|  n_0_2487_BUFG      | myMEMWB/RegisterWriteOut_reg_21[0] | myRegisterFile/rstn_1                    |                3 |              4 |
|  n_0_2487_BUFG      | myMEMWB/RegisterWriteOut_reg_20[0] | myRegisterFile/rstn_1                    |                2 |              4 |
|  n_0_2487_BUFG      | myMEMWB/RegisterWriteOut_reg_27[0] | myRegisterFile/Registers[31][14]_i_2_n_1 |                4 |              4 |
|  n_0_2487_BUFG      | myMEMWB/RegisterWriteOut_reg_0[0]  | myRegisterFile/Registers[31][14]_i_2_n_1 |                3 |              4 |
|  n_0_2487_BUFG      | myMEMWB/RegisterWriteOut_reg_27[0] | myRegisterFile/Registers[31][10]_i_2_n_1 |                3 |              4 |
|  n_0_2487_BUFG      | myMEMWB/RegisterWriteOut_reg_27[0] | myRegisterFile/Registers[31][6]_i_2_n_1  |                3 |              4 |
|  n_0_2487_BUFG      | myMEMWB/RegisterWriteOut_reg_23[0] | myRegisterFile/Registers[31][10]_i_2_n_1 |                3 |              4 |
|  n_0_2487_BUFG      | myMEMWB/RegisterWriteOut_reg_29[0] | myRegisterFile/Registers[31][14]_i_2_n_1 |                4 |              4 |
|  n_0_2487_BUFG      | myMEMWB/RegisterWriteOut_reg_2[0]  | myRegisterFile/Registers[31][14]_i_2_n_1 |                2 |              4 |
|  n_0_2487_BUFG      | myMEMWB/RegisterWriteOut_reg_29[0] | myRegisterFile/Registers[31][10]_i_2_n_1 |                4 |              4 |
|  n_0_2487_BUFG      | myMEMWB/RegisterWriteOut_reg_29[0] | myRegisterFile/Registers[31][6]_i_2_n_1  |                3 |              4 |
|  n_0_2487_BUFG      | myMEMWB/RegisterWriteOut_reg_5[0]  | myRegisterFile/Registers[31][6]_i_2_n_1  |                3 |              4 |
|  n_0_2487_BUFG      | myMEMWB/RegisterWriteOut_reg_1[0]  | myRegisterFile/Registers[31][14]_i_2_n_1 |                3 |              4 |
|  n_0_2487_BUFG      | myMEMWB/RegisterWriteOut_reg_1[0]  | myRegisterFile/Registers[31][10]_i_2_n_1 |                3 |              4 |
|  n_0_2487_BUFG      | myMEMWB/RegisterWriteOut_reg_1[0]  | myRegisterFile/Registers[31][6]_i_2_n_1  |                2 |              4 |
|  n_0_2487_BUFG      | myMEMWB/RegisterWriteOut_reg_5[0]  | myRegisterFile/Registers[31][10]_i_2_n_1 |                3 |              4 |
|  n_0_2487_BUFG      | myMEMWB/RegisterWriteOut_reg_2[0]  | myRegisterFile/Registers[31][6]_i_2_n_1  |                2 |              4 |
|  n_0_2487_BUFG      | myMEMWB/RegisterWriteOut_reg_19[0] | myRegisterFile/Registers[31][14]_i_2_n_1 |                3 |              4 |
|  n_0_2487_BUFG      | myMEMWB/RegisterWriteOut_reg_17[0] | myRegisterFile/rstn_1                    |                1 |              4 |
|  n_0_2487_BUFG      | myMEMWB/RegisterWriteOut_reg_19[0] | myRegisterFile/Registers[31][6]_i_2_n_1  |                2 |              4 |
|  n_0_2487_BUFG      | myMEMWB/RegisterWriteOut_reg_19[0] | myRegisterFile/rstn_1                    |                1 |              4 |
|  n_0_2487_BUFG      | myMEMWB/RegisterWriteOut_reg_24[0] | myRegisterFile/Registers[31][14]_i_2_n_1 |                3 |              4 |
|  n_0_2487_BUFG      | myMEMWB/RegisterWriteOut_reg_5[0]  | myRegisterFile/Registers[31][14]_i_2_n_1 |                3 |              4 |
|  n_0_2487_BUFG      | myMEMWB/RegisterWriteOut_reg_24[0] | myRegisterFile/Registers[31][10]_i_2_n_1 |                3 |              4 |
|  n_0_2487_BUFG      | myMEMWB/RegisterWriteOut_reg_13[0] | myRegisterFile/Registers[31][6]_i_2_n_1  |                2 |              4 |
|  n_0_2487_BUFG      | myMEMWB/RegisterWriteOut_reg_23[0] | myRegisterFile/Registers[31][14]_i_2_n_1 |                3 |              4 |
|  n_0_2487_BUFG      | myMEMWB/RegisterWriteOut_reg_6[0]  | myRegisterFile/Registers[31][6]_i_2_n_1  |                2 |              4 |
|  n_0_2487_BUFG      | myMEMWB/RegisterWriteOut_reg_12[0] | myRegisterFile/Registers[31][14]_i_2_n_1 |                3 |              4 |
|  n_0_2487_BUFG      | myMEMWB/RegisterWriteOut_reg_22[0] | myRegisterFile/rstn_1                    |                1 |              4 |
|  n_0_2487_BUFG      | myMEMWB/RegisterWriteOut_reg_16[0] | myRegisterFile/Registers[31][10]_i_2_n_1 |                2 |              4 |
|  n_0_2487_BUFG      | myMEMWB/RegisterWriteOut_reg_12[0] | myRegisterFile/Registers[31][6]_i_2_n_1  |                2 |              4 |
|  n_0_2487_BUFG      | myMEMWB/RegisterWriteOut_reg_18[0] | myRegisterFile/Registers[31][14]_i_2_n_1 |                3 |              4 |
|  n_0_2487_BUFG      | myMEMWB/RegisterWriteOut_reg_3[0]  | myRegisterFile/Registers[31][14]_i_2_n_1 |                3 |              4 |
|  n_0_2487_BUFG      | myMEMWB/RegisterWriteOut_reg_3[0]  | myRegisterFile/Registers[31][10]_i_2_n_1 |                3 |              4 |
|  n_0_2487_BUFG      | myMEMWB/RegisterWriteOut_reg_3[0]  | myRegisterFile/Registers[31][6]_i_2_n_1  |                2 |              4 |
|  n_0_2487_BUFG      | myMEMWB/RegisterWriteOut_reg_19[0] | myRegisterFile/Registers[31][10]_i_2_n_1 |                2 |              4 |
|  n_0_2487_BUFG      | myMEMWB/RegisterWriteOut_reg_21[0] | myRegisterFile/Registers[31][14]_i_2_n_1 |                3 |              4 |
|  n_0_2487_BUFG      | myMEMWB/RegisterWriteOut_reg_22[0] | myRegisterFile/Registers[31][14]_i_2_n_1 |                3 |              4 |
|  n_0_2487_BUFG      | myMEMWB/RegisterWriteOut_reg_22[0] | myRegisterFile/Registers[31][10]_i_2_n_1 |                2 |              4 |
|  n_0_2487_BUFG      | myMEMWB/RegisterWriteOut_reg_22[0] | myRegisterFile/Registers[31][6]_i_2_n_1  |                2 |              4 |
|  n_0_2487_BUFG      | myMEMWB/RegisterWriteOut_reg_4[0]  | myRegisterFile/Registers[31][6]_i_2_n_1  |                2 |              4 |
|  n_0_2487_BUFG      | myMEMWB/RegisterWriteOut_reg_11[0] | myRegisterFile/Registers[31][14]_i_2_n_1 |                4 |              4 |
|  n_0_2487_BUFG      | myMEMWB/RegisterWriteOut_reg_13[0] | myRegisterFile/Registers[31][14]_i_2_n_1 |                4 |              4 |
|  n_0_2487_BUFG      | myMEMWB/RegisterWriteOut_reg_11[0] | myRegisterFile/Registers[31][6]_i_2_n_1  |                2 |              4 |
|  n_0_2487_BUFG      | myMEMWB/RegisterWriteOut_reg_4[0]  | myRegisterFile/Registers[31][10]_i_2_n_1 |                2 |              4 |
|  n_0_2487_BUFG      | myMEMWB/RegisterWriteOut_reg_23[0] | myRegisterFile/Registers[31][6]_i_2_n_1  |                3 |              4 |
|  n_0_2487_BUFG      | myMEMWB/RegisterWriteOut_reg_30[0] | myRegisterFile/Registers[31][14]_i_2_n_1 |                3 |              4 |
|  n_0_2487_BUFG      | myMEMWB/RegisterWriteOut_reg_30[0] | myRegisterFile/Registers[31][10]_i_2_n_1 |                2 |              4 |
|  n_0_2487_BUFG      | myMEMWB/RegisterWriteOut_reg_30[0] | myRegisterFile/Registers[31][6]_i_2_n_1  |                3 |              4 |
|  n_0_2487_BUFG      | myMEMWB/RegisterWriteOut_reg_26[0] | myRegisterFile/Registers[31][14]_i_2_n_1 |                4 |              4 |
|  n_0_2487_BUFG      | myMEMWB/RegisterWriteOut_reg_26[0] | myRegisterFile/Registers[31][10]_i_2_n_1 |                3 |              4 |
|  n_0_2487_BUFG      | myMEMWB/RegisterWriteOut_reg_26[0] | myRegisterFile/Registers[31][6]_i_2_n_1  |                3 |              4 |
|  n_0_2487_BUFG      | myMEMWB/RegisterWriteOut_reg_4[0]  | myRegisterFile/Registers[31][14]_i_2_n_1 |                2 |              4 |
|  n_0_2487_BUFG      | myMEMWB/RegisterWriteOut_reg_20[0] | myRegisterFile/Registers[27][24]_i_1_n_1 |                3 |              6 |
|  n_0_2487_BUFG      | myMEMWB/RegisterWriteOut_reg_21[0] | myRegisterFile/Registers[27][24]_i_1_n_1 |                3 |              6 |
|  n_0_2487_BUFG      | myMEMWB/RegisterWriteOut_reg_3[0]  | myRegisterFile/Registers[27][24]_i_1_n_1 |                5 |              6 |
|  n_0_2487_BUFG      | myMEMWB/RegisterWriteOut_reg_20[0] | myRegisterFile/Registers[27][30]_i_1_n_1 |                5 |              6 |
|  n_0_2487_BUFG      | myMEMWB/RegisterWriteOut_reg_3[0]  | myRegisterFile/Registers[27][30]_i_1_n_1 |                3 |              6 |
|  n_0_2487_BUFG      | myMEMWB/RegisterWriteOut_reg_19[0] | myRegisterFile/Registers[27][24]_i_1_n_1 |                2 |              6 |
|  n_0_2487_BUFG      | myMEMWB/RegisterWriteOut_reg_19[0] | myRegisterFile/Registers[27][30]_i_1_n_1 |                4 |              6 |
|  n_0_2487_BUFG      | myMEMWB/RegisterWriteOut_reg_4[0]  | myRegisterFile/Registers[27][24]_i_1_n_1 |                5 |              6 |
|  n_0_2487_BUFG      | myMEMWB/RegisterWriteOut_reg_13[0] | myRegisterFile/Registers[27][30]_i_1_n_1 |                5 |              6 |
|  n_0_2487_BUFG      | myMEMWB/RegisterWriteOut_reg_22[0] | myRegisterFile/Registers[27][24]_i_1_n_1 |                4 |              6 |
|  n_0_2487_BUFG      | myMEMWB/RegisterWriteOut_reg_21[0] | myRegisterFile/Registers[27][30]_i_1_n_1 |                4 |              6 |
|  n_0_2487_BUFG      | myMEMWB/RegisterWriteOut_reg_18[0] | myRegisterFile/Registers[27][24]_i_1_n_1 |                2 |              6 |
|  n_0_2487_BUFG      | myMEMWB/RegisterWriteOut_reg_22[0] | myRegisterFile/Registers[27][30]_i_1_n_1 |                4 |              6 |
|  n_0_2487_BUFG      | myMEMWB/RegisterWriteOut_reg_17[0] | myRegisterFile/Registers[27][24]_i_1_n_1 |                2 |              6 |
|  n_0_2487_BUFG      | myMEMWB/RegisterWriteOut_reg_17[0] | myRegisterFile/Registers[27][30]_i_1_n_1 |                5 |              6 |
|  n_0_2487_BUFG      | myMEMWB/RegisterWriteOut_reg_12[0] | myRegisterFile/Registers[27][30]_i_1_n_1 |                3 |              6 |
|  n_0_2487_BUFG      | myMEMWB/RegisterWriteOut_reg_11[0] | myRegisterFile/Registers[27][24]_i_1_n_1 |                4 |              6 |
|  n_0_2487_BUFG      | myMEMWB/RegisterWriteOut_reg_5[0]  | myRegisterFile/Registers[27][24]_i_1_n_1 |                5 |              6 |
|  n_0_2487_BUFG      | myMEMWB/RegisterWriteOut_reg_5[0]  | myRegisterFile/Registers[27][30]_i_1_n_1 |                5 |              6 |
|  n_0_2487_BUFG      | myMEMWB/RegisterWriteOut_reg_7[0]  | myRegisterFile/Registers[27][24]_i_1_n_1 |                3 |              6 |
|  n_0_2487_BUFG      | myMEMWB/RegisterWriteOut_reg_6[0]  | myRegisterFile/Registers[27][24]_i_1_n_1 |                5 |              6 |
|  n_0_2487_BUFG      | myMEMWB/RegisterWriteOut_reg_6[0]  | myRegisterFile/Registers[27][30]_i_1_n_1 |                5 |              6 |
|  n_0_2487_BUFG      | myMEMWB/RegisterWriteOut_reg_8[0]  | myRegisterFile/Registers[27][24]_i_1_n_1 |                4 |              6 |
|  n_0_2487_BUFG      | myMEMWB/RegisterWriteOut_reg_18[0] | myRegisterFile/Registers[27][30]_i_1_n_1 |                5 |              6 |
|  n_0_2487_BUFG      | myMEMWB/RegisterWriteOut_reg_9[0]  | myRegisterFile/Registers[27][24]_i_1_n_1 |                4 |              6 |
|  n_0_2487_BUFG      | myMEMWB/RegisterWriteOut_reg_4[0]  | myRegisterFile/Registers[27][30]_i_1_n_1 |                3 |              6 |
|  n_0_2487_BUFG      | myMEMWB/RegisterWriteOut_reg_16[0] | myRegisterFile/Registers[27][30]_i_1_n_1 |                5 |              6 |
|  n_0_2487_BUFG      | myMEMWB/RegisterWriteOut_reg_10[0] | myRegisterFile/Registers[27][24]_i_1_n_1 |                2 |              6 |
|  n_0_2487_BUFG      | myMEMWB/RegisterWriteOut_reg_15[0] | myRegisterFile/Registers[27][30]_i_1_n_1 |                3 |              6 |
|  n_0_2487_BUFG      | myMEMWB/RegisterWriteOut_reg_14[0] | myRegisterFile/Registers[27][30]_i_1_n_1 |                3 |              6 |
|  n_0_2487_BUFG      | myMEMWB/RegisterWriteOut_reg_15[0] | myRegisterFile/Registers[27][24]_i_1_n_1 |                3 |              7 |
|  n_0_2487_BUFG      | myMEMWB/RegisterWriteOut_reg_16[0] | myRegisterFile/Registers[27][24]_i_1_n_1 |                3 |              7 |
|  n_0_2487_BUFG      | myMEMWB/RegisterWriteOut_reg_23[0] | myRegisterFile/Registers[31][2]_i_2_n_1  |                5 |              7 |
|  n_0_2487_BUFG      | myMEMWB/RegisterWriteOut_reg_7[0]  | myRegisterFile/Registers[27][30]_i_1_n_1 |                5 |              7 |
|  n_0_2487_BUFG      | myMEMWB/RegisterWriteOut_reg_10[0] | myRegisterFile/Registers[27][30]_i_1_n_1 |                4 |              7 |
|  n_0_2487_BUFG      | myMEMWB/RegisterWriteOut_reg_8[0]  | myRegisterFile/Registers[27][30]_i_1_n_1 |                4 |              7 |
|  n_0_2487_BUFG      | myMEMWB/RegisterWriteOut_reg_25[0] | myRegisterFile/Registers[31][2]_i_2_n_1  |                3 |              7 |
|  n_0_2487_BUFG      | myMEMWB/RegisterWriteOut_reg_13[0] | myRegisterFile/Registers[27][24]_i_1_n_1 |                4 |              7 |
|  n_0_2487_BUFG      | myMEMWB/RegisterWriteOut_reg_11[0] | myRegisterFile/Registers[27][30]_i_1_n_1 |                2 |              7 |
|  n_0_2487_BUFG      | myMEMWB/RegisterWriteOut_reg_24[0] | myRegisterFile/Registers[31][2]_i_2_n_1  |                3 |              7 |
|  n_0_2487_BUFG      | myMEMWB/RegisterWriteOut_reg_9[0]  | myRegisterFile/Registers[27][30]_i_1_n_1 |                4 |              7 |
|  n_0_2487_BUFG      | myMEMWB/RegisterWriteOut_reg_12[0] | myRegisterFile/Registers[27][24]_i_1_n_1 |                5 |              7 |
|  n_0_2487_BUFG      | myMEMWB/RegisterWriteOut_reg_27[0] | myRegisterFile/Registers[31][2]_i_2_n_1  |                3 |              7 |
|  n_0_2487_BUFG      | myMEMWB/RegisterWriteOut_reg_26[0] | myRegisterFile/Registers[31][2]_i_2_n_1  |                5 |              7 |
|  n_0_2487_BUFG      | myMEMWB/RegisterWriteOut_reg_14[0] | myRegisterFile/Registers[27][24]_i_1_n_1 |                4 |              7 |
|  n_0_2487_BUFG      | myMEMWB/RegisterWriteOut_reg_28[0] | myRegisterFile/Registers[31][2]_i_2_n_1  |                4 |              8 |
|  n_0_2487_BUFG      |                                    | mySeg7x16/rstn                           |                4 |              8 |
|  n_0_2487_BUFG      | myMEMWB/RegisterWriteOut_reg_29[0] | myRegisterFile/Registers[31][2]_i_2_n_1  |                3 |              8 |
|  n_0_2487_BUFG      | myMEMWB/RegisterWriteOut_reg_30[0] | myRegisterFile/Registers[31][2]_i_2_n_1  |                5 |              8 |
|  myIFID/E[0]        |                                    |                                          |                4 |              8 |
|  n_0_2487_BUFG      | myMEMWB/RegisterWriteOut_reg_28[0] | myRegisterFile/rstn                      |                6 |             10 |
|  n_0_2487_BUFG      | myMEMWB/RegisterWriteOut_reg_29[0] | myRegisterFile/rstn                      |                6 |             10 |
|  n_0_2487_BUFG      | myMEMWB/RegisterWriteOut_reg_30[0] | myRegisterFile/rstn                      |               10 |             10 |
|  n_0_2487_BUFG      | myMEMWB/RegisterWriteOut_reg_26[0] | myRegisterFile/rstn                      |                9 |             11 |
|  n_0_2487_BUFG      | myMEMWB/RegisterWriteOut_reg_24[0] | myRegisterFile/rstn                      |                7 |             11 |
|  n_0_2487_BUFG      | myMEMWB/RegisterWriteOut_reg_25[0] | myRegisterFile/rstn                      |                7 |             11 |
|  n_0_2487_BUFG      | myMEMWB/RegisterWriteOut_reg_23[0] | myRegisterFile/rstn                      |                8 |             11 |
|  n_0_2487_BUFG      | myMEMWB/RegisterWriteOut_reg_27[0] | myRegisterFile/rstn                      |                5 |             11 |
|  n_0_2487_BUFG      | myMEMWB/RegisterWriteOut_reg_1[0]  | myRegisterFile/rstn_0                    |               11 |             17 |
|  n_0_2487_BUFG      | myMEMWB/E[0]                       | myRegisterFile/rstn_0                    |                9 |             17 |
|  n_0_2487_BUFG      | myMEMWB/RegisterWriteOut_reg_2[0]  | myRegisterFile/rstn_0                    |               11 |             17 |
|  n_0_2487_BUFG      | myMEMWB/RegisterWriteOut_reg_0[0]  | myRegisterFile/rstn_0                    |               15 |             17 |
|  n_0_2487_BUFG      |                                    | myRegisterFile/rstn                      |               16 |             40 |
|  n_0_2487_BUFG      |                                    | myRegisterFile/rstn_1                    |               16 |             59 |
|  clk_IBUF_BUFG      |                                    | mySeg7x16/rstn                           |               19 |             64 |
|  n_0_2487_BUFG      |                                    | myEXMEM/rstn                             |               41 |            125 |
|  n_0_2487_BUFG      |                                    | myIDEX/rstn                              |               66 |            149 |
+---------------------+------------------------------------+------------------------------------------+------------------+----------------+


